[0m23:07:50  Running with dbt=1.10.22
[0m23:07:50  Registered adapter: duckdb=1.10.0
[0m23:07:50  Found 28 models, 150 data tests, 11 sources, 486 macros
[0m23:07:50  
[0m23:07:50  Concurrency: 1 threads (target='sample')
[0m23:07:50  
[0m23:07:51  1 of 171 START test source_not_null_olist_raw_olist_closed_deals_dataset_mql_id  [RUN]
[0m23:07:51  1 of 171 PASS source_not_null_olist_raw_olist_closed_deals_dataset_mql_id ...... [[32mPASS[0m in 0.08s]
[0m23:07:51  2 of 171 START test source_not_null_olist_raw_olist_closed_deals_dataset_seller_id  [RUN]
[0m23:07:51  2 of 171 PASS source_not_null_olist_raw_olist_closed_deals_dataset_seller_id ... [[32mPASS[0m in 0.07s]
[0m23:07:51  3 of 171 START test source_not_null_olist_raw_olist_customers_dataset_customer_id  [RUN]
[0m23:07:51  3 of 171 PASS source_not_null_olist_raw_olist_customers_dataset_customer_id .... [[32mPASS[0m in 0.05s]
[0m23:07:51  4 of 171 START test source_not_null_olist_raw_olist_customers_dataset_customer_unique_id  [RUN]
[0m23:07:51  4 of 171 PASS source_not_null_olist_raw_olist_customers_dataset_customer_unique_id  [[32mPASS[0m in 0.05s]
[0m23:07:51  5 of 171 START test source_not_null_olist_raw_olist_geolocation_dataset_geolocation_zip_code_prefix  [RUN]
[0m23:07:51  5 of 171 PASS source_not_null_olist_raw_olist_geolocation_dataset_geolocation_zip_code_prefix  [[32mPASS[0m in 0.03s]
[0m23:07:51  6 of 171 START test source_not_null_olist_raw_olist_marketing_qualified_leads_dataset_mql_id  [RUN]
[0m23:07:51  6 of 171 PASS source_not_null_olist_raw_olist_marketing_qualified_leads_dataset_mql_id  [[32mPASS[0m in 0.04s]
[0m23:07:51  7 of 171 START test source_not_null_olist_raw_olist_order_items_dataset_order_id  [RUN]
[0m23:07:51  7 of 171 PASS source_not_null_olist_raw_olist_order_items_dataset_order_id ..... [[32mPASS[0m in 0.05s]
[0m23:07:51  8 of 171 START test source_not_null_olist_raw_olist_order_payments_dataset_order_id  [RUN]
[0m23:07:51  8 of 171 PASS source_not_null_olist_raw_olist_order_payments_dataset_order_id .. [[32mPASS[0m in 0.03s]
[0m23:07:51  9 of 171 START test source_not_null_olist_raw_olist_order_reviews_dataset_order_id  [RUN]
[0m23:07:51  9 of 171 PASS source_not_null_olist_raw_olist_order_reviews_dataset_order_id ... [[32mPASS[0m in 0.04s]
[0m23:07:51  10 of 171 START test source_not_null_olist_raw_olist_order_reviews_dataset_review_id  [RUN]
[0m23:07:51  10 of 171 PASS source_not_null_olist_raw_olist_order_reviews_dataset_review_id . [[32mPASS[0m in 0.04s]
[0m23:07:51  11 of 171 START test source_not_null_olist_raw_olist_orders_dataset_customer_id  [RUN]
[0m23:07:51  11 of 171 PASS source_not_null_olist_raw_olist_orders_dataset_customer_id ...... [[32mPASS[0m in 0.05s]
[0m23:07:51  12 of 171 START test source_not_null_olist_raw_olist_orders_dataset_order_id ... [RUN]
[0m23:07:51  12 of 171 PASS source_not_null_olist_raw_olist_orders_dataset_order_id ......... [[32mPASS[0m in 0.05s]
[0m23:07:51  13 of 171 START test source_not_null_olist_raw_olist_products_dataset_product_id  [RUN]
[0m23:07:51  13 of 171 PASS source_not_null_olist_raw_olist_products_dataset_product_id ..... [[32mPASS[0m in 0.02s]
[0m23:07:51  14 of 171 START test source_not_null_olist_raw_olist_sellers_dataset_seller_id . [RUN]
[0m23:07:51  14 of 171 PASS source_not_null_olist_raw_olist_sellers_dataset_seller_id ....... [[32mPASS[0m in 0.01s]
[0m23:07:51  15 of 171 START test source_not_null_olist_raw_product_category_name_translation_product_category_name  [RUN]
[0m23:07:51  15 of 171 PASS source_not_null_olist_raw_product_category_name_translation_product_category_name  [[32mPASS[0m in 0.01s]
[0m23:07:51  16 of 171 START test source_relationships_olist_raw_olist_closed_deals_dataset_mql_id__mql_id__source_olist_raw_olist_marketing_qualified_leads_dataset_  [RUN]
[0m23:07:51  16 of 171 PASS source_relationships_olist_raw_olist_closed_deals_dataset_mql_id__mql_id__source_olist_raw_olist_marketing_qualified_leads_dataset_  [[32mPASS[0m in 0.05s]
[0m23:07:51  17 of 171 START test source_relationships_olist_raw_olist_order_items_dataset_order_id__order_id__source_olist_raw_olist_orders_dataset_  [RUN]
[0m23:07:51  17 of 171 PASS source_relationships_olist_raw_olist_order_items_dataset_order_id__order_id__source_olist_raw_olist_orders_dataset_  [[32mPASS[0m in 0.08s]
[0m23:07:51  18 of 171 START test source_relationships_olist_raw_olist_order_payments_dataset_order_id__order_id__source_olist_raw_olist_orders_dataset_  [RUN]
[0m23:07:52  18 of 171 PASS source_relationships_olist_raw_olist_order_payments_dataset_order_id__order_id__source_olist_raw_olist_orders_dataset_  [[32mPASS[0m in 0.06s]
[0m23:07:52  19 of 171 START test source_relationships_olist_raw_olist_order_reviews_dataset_order_id__order_id__source_olist_raw_olist_orders_dataset_  [RUN]
[0m23:07:52  19 of 171 PASS source_relationships_olist_raw_olist_order_reviews_dataset_order_id__order_id__source_olist_raw_olist_orders_dataset_  [[32mPASS[0m in 0.08s]
[0m23:07:52  20 of 171 START test source_unique_olist_raw_olist_closed_deals_dataset_mql_id . [RUN]
[0m23:07:52  20 of 171 PASS source_unique_olist_raw_olist_closed_deals_dataset_mql_id ....... [[32mPASS[0m in 0.04s]
[0m23:07:52  21 of 171 START test source_unique_olist_raw_olist_closed_deals_dataset_seller_id  [RUN]
[0m23:07:52  21 of 171 PASS source_unique_olist_raw_olist_closed_deals_dataset_seller_id .... [[32mPASS[0m in 0.04s]
[0m23:07:52  22 of 171 START test source_unique_olist_raw_olist_customers_dataset_customer_id  [RUN]
[0m23:07:52  22 of 171 PASS source_unique_olist_raw_olist_customers_dataset_customer_id ..... [[32mPASS[0m in 0.03s]
[0m23:07:52  23 of 171 START test source_unique_olist_raw_olist_marketing_qualified_leads_dataset_mql_id  [RUN]
[0m23:07:52  23 of 171 PASS source_unique_olist_raw_olist_marketing_qualified_leads_dataset_mql_id  [[32mPASS[0m in 0.03s]
[0m23:07:52  24 of 171 START test source_unique_olist_raw_olist_orders_dataset_customer_id .. [RUN]
[0m23:07:52  24 of 171 PASS source_unique_olist_raw_olist_orders_dataset_customer_id ........ [[32mPASS[0m in 0.05s]
[0m23:07:52  25 of 171 START test source_unique_olist_raw_olist_orders_dataset_order_id ..... [RUN]
[0m23:07:52  25 of 171 PASS source_unique_olist_raw_olist_orders_dataset_order_id ........... [[32mPASS[0m in 0.05s]
[0m23:07:52  26 of 171 START test source_unique_olist_raw_olist_products_dataset_product_id . [RUN]
[0m23:07:52  26 of 171 PASS source_unique_olist_raw_olist_products_dataset_product_id ....... [[32mPASS[0m in 0.02s]
[0m23:07:52  27 of 171 START test source_unique_olist_raw_olist_sellers_dataset_seller_id ... [RUN]
[0m23:07:52  27 of 171 PASS source_unique_olist_raw_olist_sellers_dataset_seller_id ......... [[32mPASS[0m in 0.01s]
[0m23:07:52  28 of 171 START test source_unique_olist_raw_product_category_name_translation_product_category_name  [RUN]
[0m23:07:52  28 of 171 PASS source_unique_olist_raw_product_category_name_translation_product_category_name  [[32mPASS[0m in 0.01s]
[0m23:07:52  29 of 171 START sql table model main_staging.stg_olist__geolocation ............ [RUN]
[0m23:07:52  29 of 171 OK created sql table model main_staging.stg_olist__geolocation ....... [[32mOK[0m in 0.06s]
[0m23:07:52  30 of 171 START sql table model main_staging.stg_olist__order_items ............ [RUN]
[0m23:07:52  30 of 171 OK created sql table model main_staging.stg_olist__order_items ....... [[32mOK[0m in 0.07s]
[0m23:07:52  31 of 171 START sql table model main_staging.stg_olist__order_payments ......... [RUN]
[0m23:07:52  31 of 171 OK created sql table model main_staging.stg_olist__order_payments .... [[32mOK[0m in 0.05s]
[0m23:07:52  32 of 171 START sql table model main_staging.stg_olist__order_reviews .......... [RUN]
[0m23:07:52  32 of 171 OK created sql table model main_staging.stg_olist__order_reviews ..... [[32mOK[0m in 0.06s]
[0m23:07:52  33 of 171 START sql table model main_staging.stg_olist__closed_deals ........... [RUN]
[0m23:07:52  33 of 171 OK created sql table model main_staging.stg_olist__closed_deals ...... [[32mOK[0m in 0.05s]
[0m23:07:52  34 of 171 START sql table model main_staging.stg_olist__customers .............. [RUN]
[0m23:07:52  34 of 171 OK created sql table model main_staging.stg_olist__customers ......... [[32mOK[0m in 0.05s]
[0m23:07:52  35 of 171 START sql table model main_staging.stg_olist__marketing_qualified_leads  [RUN]
[0m23:07:52  35 of 171 OK created sql table model main_staging.stg_olist__marketing_qualified_leads  [[32mOK[0m in 0.05s]
[0m23:07:52  36 of 171 START sql table model main_staging.stg_olist__orders ................. [RUN]
[0m23:07:52  36 of 171 OK created sql table model main_staging.stg_olist__orders ............ [[32mOK[0m in 0.08s]
[0m23:07:52  37 of 171 START sql table model main_staging.stg_olist__products ............... [RUN]
[0m23:07:52  37 of 171 OK created sql table model main_staging.stg_olist__products .......... [[32mOK[0m in 0.03s]
[0m23:07:52  38 of 171 START sql table model main_staging.stg_olist__sellers ................ [RUN]
[0m23:07:52  38 of 171 OK created sql table model main_staging.stg_olist__sellers ........... [[32mOK[0m in 0.03s]
[0m23:07:52  39 of 171 START sql table model main_staging.stg_olist__product_categories ..... [RUN]
[0m23:07:53  39 of 171 OK created sql table model main_staging.stg_olist__product_categories  [[32mOK[0m in 0.03s]
[0m23:07:53  40 of 171 START test not_null_stg_olist__geolocation_zip_prefix ................ [RUN]
[0m23:07:53  40 of 171 PASS not_null_stg_olist__geolocation_zip_prefix ...................... [[32mPASS[0m in 0.02s]
[0m23:07:53  41 of 171 START test not_null_stg_olist__order_items_item_price_brl ............ [RUN]
[0m23:07:53  41 of 171 PASS not_null_stg_olist__order_items_item_price_brl .................. [[32mPASS[0m in 0.01s]
[0m23:07:53  42 of 171 START test not_null_stg_olist__order_items_order_id .................. [RUN]
[0m23:07:53  42 of 171 PASS not_null_stg_olist__order_items_order_id ........................ [[32mPASS[0m in 0.01s]
[0m23:07:53  43 of 171 START test unique_combination_of_columns_stg_olist__order_items_order_id__order_item_seq  [RUN]
[0m23:07:53  43 of 171 PASS unique_combination_of_columns_stg_olist__order_items_order_id__order_item_seq  [[32mPASS[0m in 0.02s]
[0m23:07:53  44 of 171 START test accepted_values_stg_olist__order_payments_payment_type__credit_card__boleto__voucher__debit_card__not_defined  [RUN]
[0m23:07:53  44 of 171 PASS accepted_values_stg_olist__order_payments_payment_type__credit_card__boleto__voucher__debit_card__not_defined  [[32mPASS[0m in 0.02s]
[0m23:07:53  45 of 171 START test not_null_stg_olist__order_payments_order_id ............... [RUN]
[0m23:07:53  45 of 171 PASS not_null_stg_olist__order_payments_order_id ..................... [[32mPASS[0m in 0.02s]
[0m23:07:53  46 of 171 START test unique_combination_of_columns_stg_olist__order_payments_order_id__payment_seq  [RUN]
[0m23:07:53  46 of 171 PASS unique_combination_of_columns_stg_olist__order_payments_order_id__payment_seq  [[32mPASS[0m in 0.02s]
[0m23:07:53  47 of 171 START test accepted_values_stg_olist__order_reviews_review_score__False__1__2__3__4__5  [RUN]
[0m23:07:53  47 of 171 PASS accepted_values_stg_olist__order_reviews_review_score__False__1__2__3__4__5  [[32mPASS[0m in 0.02s]
[0m23:07:53  48 of 171 START test not_null_stg_olist__order_reviews_order_id ................ [RUN]
[0m23:07:53  48 of 171 PASS not_null_stg_olist__order_reviews_order_id ...................... [[32mPASS[0m in 0.01s]
[0m23:07:53  49 of 171 START test not_null_stg_olist__order_reviews_review_id ............... [RUN]
[0m23:07:53  49 of 171 PASS not_null_stg_olist__order_reviews_review_id ..................... [[32mPASS[0m in 0.01s]
[0m23:07:53  50 of 171 START test unique_combination_of_columns_stg_olist__order_reviews_review_id__order_id  [RUN]
[0m23:07:53  50 of 171 PASS unique_combination_of_columns_stg_olist__order_reviews_review_id__order_id  [[32mPASS[0m in 0.01s]
[0m23:07:53  51 of 171 START test not_null_stg_olist__closed_deals_mql_id ................... [RUN]
[0m23:07:53  51 of 171 PASS not_null_stg_olist__closed_deals_mql_id ......................... [[32mPASS[0m in 0.01s]
[0m23:07:53  52 of 171 START test not_null_stg_olist__closed_deals_seller_id ................ [RUN]
[0m23:07:53  52 of 171 PASS not_null_stg_olist__closed_deals_seller_id ...................... [[32mPASS[0m in 0.01s]
[0m23:07:53  53 of 171 START test unique_stg_olist__closed_deals_mql_id ..................... [RUN]
[0m23:07:53  53 of 171 PASS unique_stg_olist__closed_deals_mql_id ........................... [[32mPASS[0m in 0.01s]
[0m23:07:53  54 of 171 START test unique_stg_olist__closed_deals_seller_id .................. [RUN]
[0m23:07:53  54 of 171 PASS unique_stg_olist__closed_deals_seller_id ........................ [[32mPASS[0m in 0.01s]
[0m23:07:53  55 of 171 START test not_null_stg_olist__customers_customer_id ................. [RUN]
[0m23:07:53  55 of 171 PASS not_null_stg_olist__customers_customer_id ....................... [[32mPASS[0m in 0.01s]
[0m23:07:53  56 of 171 START test not_null_stg_olist__customers_customer_state .............. [RUN]
[0m23:07:53  56 of 171 PASS not_null_stg_olist__customers_customer_state .................... [[32mPASS[0m in 0.01s]
[0m23:07:53  57 of 171 START test not_null_stg_olist__customers_customer_unique_id .......... [RUN]
[0m23:07:53  57 of 171 PASS not_null_stg_olist__customers_customer_unique_id ................ [[32mPASS[0m in 0.01s]
[0m23:07:53  58 of 171 START test unique_stg_olist__customers_customer_id ................... [RUN]
[0m23:07:53  58 of 171 PASS unique_stg_olist__customers_customer_id ......................... [[32mPASS[0m in 0.01s]
[0m23:07:53  59 of 171 START test not_null_stg_olist__marketing_qualified_leads_first_contact_date  [RUN]
[0m23:07:53  59 of 171 PASS not_null_stg_olist__marketing_qualified_leads_first_contact_date  [[32mPASS[0m in 0.01s]
[0m23:07:53  60 of 171 START test not_null_stg_olist__marketing_qualified_leads_mql_id ...... [RUN]
[0m23:07:53  60 of 171 PASS not_null_stg_olist__marketing_qualified_leads_mql_id ............ [[32mPASS[0m in 0.01s]
[0m23:07:53  61 of 171 START test relationships_stg_olist__closed_deals_mql_id__mql_id__ref_stg_olist__marketing_qualified_leads_  [RUN]
[0m23:07:53  61 of 171 PASS relationships_stg_olist__closed_deals_mql_id__mql_id__ref_stg_olist__marketing_qualified_leads_  [[32mPASS[0m in 0.01s]
[0m23:07:53  62 of 171 START test unique_stg_olist__marketing_qualified_leads_mql_id ........ [RUN]
[0m23:07:53  62 of 171 PASS unique_stg_olist__marketing_qualified_leads_mql_id .............. [[32mPASS[0m in 0.01s]
[0m23:07:53  63 of 171 START test accepted_values_stg_olist__orders_order_status__delivered__shipped__canceled__unavailable__invoiced__processing__created__approved  [RUN]
[0m23:07:53  63 of 171 PASS accepted_values_stg_olist__orders_order_status__delivered__shipped__canceled__unavailable__invoiced__processing__created__approved  [[32mPASS[0m in 0.02s]
[0m23:07:53  64 of 171 START test not_null_stg_olist__orders_customer_id .................... [RUN]
[0m23:07:53  64 of 171 PASS not_null_stg_olist__orders_customer_id .......................... [[32mPASS[0m in 0.01s]
[0m23:07:53  65 of 171 START test not_null_stg_olist__orders_order_id ....................... [RUN]
[0m23:07:53  65 of 171 PASS not_null_stg_olist__orders_order_id ............................. [[32mPASS[0m in 0.02s]
[0m23:07:53  66 of 171 START test relationships_stg_olist__order_items_order_id__order_id__ref_stg_olist__orders_  [RUN]
[0m23:07:53  66 of 171 PASS relationships_stg_olist__order_items_order_id__order_id__ref_stg_olist__orders_  [[32mPASS[0m in 0.02s]
[0m23:07:53  67 of 171 START test relationships_stg_olist__order_payments_order_id__order_id__ref_stg_olist__orders_  [RUN]
[0m23:07:53  67 of 171 PASS relationships_stg_olist__order_payments_order_id__order_id__ref_stg_olist__orders_  [[32mPASS[0m in 0.02s]
[0m23:07:53  68 of 171 START test relationships_stg_olist__order_reviews_order_id__order_id__ref_stg_olist__orders_  [RUN]
[0m23:07:53  68 of 171 PASS relationships_stg_olist__order_reviews_order_id__order_id__ref_stg_olist__orders_  [[32mPASS[0m in 0.02s]
[0m23:07:53  69 of 171 START test unique_stg_olist__orders_customer_id ...................... [RUN]
[0m23:07:53  69 of 171 PASS unique_stg_olist__orders_customer_id ............................ [[32mPASS[0m in 0.01s]
[0m23:07:53  70 of 171 START test unique_stg_olist__orders_order_id ......................... [RUN]
[0m23:07:53  70 of 171 PASS unique_stg_olist__orders_order_id ............................... [[32mPASS[0m in 0.01s]
[0m23:07:53  71 of 171 START test not_null_stg_olist__products_product_id ................... [RUN]
[0m23:07:53  71 of 171 PASS not_null_stg_olist__products_product_id ......................... [[32mPASS[0m in 0.01s]
[0m23:07:53  72 of 171 START test unique_stg_olist__products_product_id ..................... [RUN]
[0m23:07:53  72 of 171 PASS unique_stg_olist__products_product_id ........................... [[32mPASS[0m in 0.01s]
[0m23:07:53  73 of 171 START test not_null_stg_olist__sellers_seller_id ..................... [RUN]
[0m23:07:53  73 of 171 PASS not_null_stg_olist__sellers_seller_id ........................... [[32mPASS[0m in 0.01s]
[0m23:07:53  74 of 171 START test unique_stg_olist__sellers_seller_id ....................... [RUN]
[0m23:07:53  74 of 171 PASS unique_stg_olist__sellers_seller_id ............................. [[32mPASS[0m in 0.01s]
[0m23:07:53  75 of 171 START test not_null_stg_olist__product_categories_product_category_en  [RUN]
[0m23:07:53  75 of 171 PASS not_null_stg_olist__product_categories_product_category_en ...... [[32mPASS[0m in 0.01s]
[0m23:07:53  76 of 171 START test not_null_stg_olist__product_categories_product_category_pt  [RUN]
[0m23:07:53  76 of 171 PASS not_null_stg_olist__product_categories_product_category_pt ...... [[32mPASS[0m in 0.01s]
[0m23:07:53  77 of 171 START test unique_stg_olist__product_categories_product_category_pt .. [RUN]
[0m23:07:53  77 of 171 PASS unique_stg_olist__product_categories_product_category_pt ........ [[32mPASS[0m in 0.01s]
[0m23:07:53  78 of 171 START sql table model main_intermediate.int_geolocation__zip_centroid  [RUN]
[0m23:07:53  78 of 171 OK created sql table model main_intermediate.int_geolocation__zip_centroid  [[32mOK[0m in 0.03s]
[0m23:07:53  79 of 171 START sql table model main_intermediate.int_orders__items_agg ........ [RUN]
[0m23:07:53  79 of 171 OK created sql table model main_intermediate.int_orders__items_agg ... [[32mOK[0m in 0.04s]
[0m23:07:53  80 of 171 START sql table model main_intermediate.int_orders__payments_agg ..... [RUN]
[0m23:07:53  80 of 171 OK created sql table model main_intermediate.int_orders__payments_agg  [[32mOK[0m in 0.04s]
[0m23:07:53  81 of 171 START sql table model main_intermediate.int_orders__reviews_agg ...... [RUN]
[0m23:07:53  81 of 171 OK created sql table model main_intermediate.int_orders__reviews_agg . [[32mOK[0m in 0.03s]
[0m23:07:53  82 of 171 START sql table model main_marts.mart_lead_features .................. [RUN]
[0m23:07:53  82 of 171 OK created sql table model main_marts.mart_lead_features ............. [[32mOK[0m in 0.04s]
[0m23:07:53  83 of 171 START sql table model main_marts.dim_products ........................ [RUN]
[0m23:07:53  83 of 171 OK created sql table model main_marts.dim_products ................... [[32mOK[0m in 0.03s]
[0m23:07:53  84 of 171 START test not_null_int_geolocation__zip_centroid_zip_prefix ......... [RUN]
[0m23:07:53  84 of 171 PASS not_null_int_geolocation__zip_centroid_zip_prefix ............... [[32mPASS[0m in 0.02s]
[0m23:07:53  85 of 171 START test unique_int_geolocation__zip_centroid_zip_prefix ........... [RUN]
[0m23:07:53  85 of 171 PASS unique_int_geolocation__zip_centroid_zip_prefix ................. [[32mPASS[0m in 0.02s]
[0m23:07:53  86 of 171 START test not_null_int_orders__items_agg_item_count ................. [RUN]
[0m23:07:53  86 of 171 PASS not_null_int_orders__items_agg_item_count ....................... [[32mPASS[0m in 0.01s]
[0m23:07:53  87 of 171 START test not_null_int_orders__items_agg_items_total_brl ............ [RUN]
[0m23:07:53  87 of 171 PASS not_null_int_orders__items_agg_items_total_brl .................. [[32mPASS[0m in 0.01s]
[0m23:07:53  88 of 171 START test not_null_int_orders__items_agg_order_id ................... [RUN]
[0m23:07:53  88 of 171 PASS not_null_int_orders__items_agg_order_id ......................... [[32mPASS[0m in 0.01s]
[0m23:07:53  89 of 171 START test unique_int_orders__items_agg_order_id ..................... [RUN]
[0m23:07:53  89 of 171 PASS unique_int_orders__items_agg_order_id ........................... [[32mPASS[0m in 0.02s]
[0m23:07:53  90 of 171 START test accepted_values_int_orders__payments_agg_primary_payment_type__credit_card__boleto__voucher__debit_card__not_defined  [RUN]
[0m23:07:53  90 of 171 PASS accepted_values_int_orders__payments_agg_primary_payment_type__credit_card__boleto__voucher__debit_card__not_defined  [[32mPASS[0m in 0.02s]
[0m23:07:53  91 of 171 START test not_null_int_orders__payments_agg_order_id ................ [RUN]
[0m23:07:53  91 of 171 PASS not_null_int_orders__payments_agg_order_id ...................... [[32mPASS[0m in 0.01s]
[0m23:07:53  92 of 171 START test not_null_int_orders__payments_agg_primary_payment_type .... [RUN]
[0m23:07:53  92 of 171 PASS not_null_int_orders__payments_agg_primary_payment_type .......... [[32mPASS[0m in 0.01s]
[0m23:07:53  93 of 171 START test unique_int_orders__payments_agg_order_id .................. [RUN]
[0m23:07:53  93 of 171 PASS unique_int_orders__payments_agg_order_id ........................ [[32mPASS[0m in 0.02s]
[0m23:07:53  94 of 171 START test accepted_values_int_orders__reviews_agg_latest_review_score__False__1__2__3__4__5  [RUN]
[0m23:07:54  94 of 171 PASS accepted_values_int_orders__reviews_agg_latest_review_score__False__1__2__3__4__5  [[32mPASS[0m in 0.01s]
[0m23:07:54  95 of 171 START test not_null_int_orders__reviews_agg_latest_review_score ...... [RUN]
[0m23:07:54  95 of 171 PASS not_null_int_orders__reviews_agg_latest_review_score ............ [[32mPASS[0m in 0.02s]
[0m23:07:54  96 of 171 START test not_null_int_orders__reviews_agg_order_id ................. [RUN]
[0m23:07:54  96 of 171 PASS not_null_int_orders__reviews_agg_order_id ....................... [[32mPASS[0m in 0.01s]
[0m23:07:54  97 of 171 START test unique_int_orders__reviews_agg_order_id ................... [RUN]
[0m23:07:54  97 of 171 PASS unique_int_orders__reviews_agg_order_id ......................... [[32mPASS[0m in 0.01s]
[0m23:07:54  98 of 171 START test equal_rowcount_mart_lead_features_ref_stg_olist__marketing_qualified_leads_  [RUN]
[0m23:07:54  98 of 171 PASS equal_rowcount_mart_lead_features_ref_stg_olist__marketing_qualified_leads_  [[32mPASS[0m in 0.02s]
[0m23:07:54  99 of 171 START test inv_lead_label_contract ................................... [RUN]
[0m23:07:54  99 of 171 PASS inv_lead_label_contract ......................................... [[32mPASS[0m in 0.02s]
[0m23:07:54  100 of 171 START test not_null_mart_lead_features_days_since_campaign_start .... [RUN]
[0m23:07:54  100 of 171 PASS not_null_mart_lead_features_days_since_campaign_start .......... [[32mPASS[0m in 0.02s]
[0m23:07:54  101 of 171 START test not_null_mart_lead_features_is_in_model_window ........... [RUN]
[0m23:07:54  101 of 171 PASS not_null_mart_lead_features_is_in_model_window ................. [[32mPASS[0m in 0.02s]
[0m23:07:54  102 of 171 START test not_null_mart_lead_features_is_won_90d ................... [RUN]
[0m23:07:54  102 of 171 PASS not_null_mart_lead_features_is_won_90d ......................... [[32mPASS[0m in 0.01s]
[0m23:07:54  103 of 171 START test not_null_mart_lead_features_is_won_ever .................. [RUN]
[0m23:07:54  103 of 171 PASS not_null_mart_lead_features_is_won_ever ........................ [[32mPASS[0m in 0.01s]
[0m23:07:54  104 of 171 START test not_null_mart_lead_features_label_mature_on .............. [RUN]
[0m23:07:54  104 of 171 PASS not_null_mart_lead_features_label_mature_on .................... [[32mPASS[0m in 0.01s]
[0m23:07:54  105 of 171 START test not_null_mart_lead_features_lead_origin_channel .......... [RUN]
[0m23:07:54  105 of 171 PASS not_null_mart_lead_features_lead_origin_channel ................ [[32mPASS[0m in 0.01s]
[0m23:07:54  106 of 171 START test not_null_mart_lead_features_mql_id ....................... [RUN]
[0m23:07:54  106 of 171 PASS not_null_mart_lead_features_mql_id ............................. [[32mPASS[0m in 0.02s]
[0m23:07:54  107 of 171 START test not_null_mart_lead_features_page_lead_volume ............. [RUN]
[0m23:07:54  107 of 171 PASS not_null_mart_lead_features_page_lead_volume ................... [[32mPASS[0m in 0.01s]
[0m23:07:54  108 of 171 START test not_null_mart_lead_features_page_lead_volume_prior ....... [RUN]
[0m23:07:54  108 of 171 PASS not_null_mart_lead_features_page_lead_volume_prior ............. [[32mPASS[0m in 0.02s]
[0m23:07:54  109 of 171 START test unique_mart_lead_features_mql_id ......................... [RUN]
[0m23:07:54  109 of 171 PASS unique_mart_lead_features_mql_id ............................... [[32mPASS[0m in 0.02s]
[0m23:07:54  110 of 171 START test equal_rowcount_dim_products_ref_stg_olist__products_ ..... [RUN]
[0m23:07:54  110 of 171 PASS equal_rowcount_dim_products_ref_stg_olist__products_ ........... [[32mPASS[0m in 0.02s]
[0m23:07:54  111 of 171 START test not_null_dim_products_product_category ................... [RUN]
[0m23:07:54  111 of 171 PASS not_null_dim_products_product_category ......................... [[32mPASS[0m in 0.02s]
[0m23:07:54  112 of 171 START test not_null_dim_products_product_id ......................... [RUN]
[0m23:07:54  112 of 171 PASS not_null_dim_products_product_id ............................... [[32mPASS[0m in 0.01s]
[0m23:07:54  113 of 171 START test unique_dim_products_product_id ........................... [RUN]
[0m23:07:54  113 of 171 PASS unique_dim_products_product_id ................................. [[32mPASS[0m in 0.02s]
[0m23:07:54  114 of 171 START sql table model main_marts.dim_geography ...................... [RUN]
[0m23:07:54  114 of 171 OK created sql table model main_marts.dim_geography ................. [[32mOK[0m in 0.02s]
[0m23:07:54  115 of 171 START sql table model main_marts.dim_sellers ........................ [RUN]
[0m23:07:54  115 of 171 OK created sql table model main_marts.dim_sellers ................... [[32mOK[0m in 0.03s]
[0m23:07:54  116 of 171 START sql table model main_intermediate.int_orders__enriched ........ [RUN]
[0m23:07:54  116 of 171 OK created sql table model main_intermediate.int_orders__enriched ... [[32mOK[0m in 0.06s]
[0m23:07:54  117 of 171 START test not_null_dim_geography_zip_prefix ........................ [RUN]
[0m23:07:54  117 of 171 PASS not_null_dim_geography_zip_prefix .............................. [[32mPASS[0m in 0.01s]
[0m23:07:54  118 of 171 START test unique_dim_geography_zip_prefix .......................... [RUN]
[0m23:07:54  118 of 171 PASS unique_dim_geography_zip_prefix ................................ [[32mPASS[0m in 0.02s]
[0m23:07:54  119 of 171 START test equal_rowcount_dim_sellers_ref_stg_olist__sellers_ ....... [RUN]
[0m23:07:54  119 of 171 PASS equal_rowcount_dim_sellers_ref_stg_olist__sellers_ ............. [[32mPASS[0m in 0.01s]
[0m23:07:54  120 of 171 START test not_null_dim_sellers_seller_id ........................... [RUN]
[0m23:07:54  120 of 171 PASS not_null_dim_sellers_seller_id ................................. [[32mPASS[0m in 0.01s]
[0m23:07:54  121 of 171 START test unique_dim_sellers_seller_id ............................. [RUN]
[0m23:07:54  121 of 171 PASS unique_dim_sellers_seller_id ................................... [[32mPASS[0m in 0.01s]
[0m23:07:54  122 of 171 START test assert_orders_enriched_reconciles ........................ [RUN]
[0m23:07:54  122 of 171 PASS assert_orders_enriched_reconciles .............................. [[32mPASS[0m in 0.01s]
[0m23:07:54  123 of 171 START test equal_rowcount_int_orders__enriched_ref_stg_olist__orders_  [RUN]
[0m23:07:54  123 of 171 PASS equal_rowcount_int_orders__enriched_ref_stg_olist__orders_ ..... [[32mPASS[0m in 0.02s]
[0m23:07:54  124 of 171 START test not_null_int_orders__enriched_customer_unique_id ......... [RUN]
[0m23:07:54  124 of 171 PASS not_null_int_orders__enriched_customer_unique_id ............... [[32mPASS[0m in 0.01s]
[0m23:07:54  125 of 171 START test not_null_int_orders__enriched_is_delivered_late .......... [RUN]
[0m23:07:54  125 of 171 PASS not_null_int_orders__enriched_is_delivered_late ................ [[32mPASS[0m in 0.01s]
[0m23:07:54  126 of 171 START test not_null_int_orders__enriched_order_id ................... [RUN]
[0m23:07:54  126 of 171 PASS not_null_int_orders__enriched_order_id ......................... [[32mPASS[0m in 0.01s]
[0m23:07:54  127 of 171 START test unique_int_orders__enriched_order_id ..................... [RUN]
[0m23:07:54  127 of 171 PASS unique_int_orders__enriched_order_id ........................... [[32mPASS[0m in 0.02s]
[0m23:07:54  128 of 171 START sql table model main_marts.dim_customers ...................... [RUN]
[0m23:07:54  128 of 171 OK created sql table model main_marts.dim_customers ................. [[32mOK[0m in 0.07s]
[0m23:07:54  129 of 171 START sql table model main_marts.fct_order_items .................... [RUN]
[0m23:07:54  129 of 171 OK created sql table model main_marts.fct_order_items ............... [[32mOK[0m in 0.04s]
[0m23:07:54  130 of 171 START sql table model main_marts.fct_orders ......................... [RUN]
[0m23:07:55  130 of 171 OK created sql table model main_marts.fct_orders .................... [[32mOK[0m in 0.31s]
[0m23:07:55  131 of 171 START test inv_recency_anchor ....................................... [RUN]
[0m23:07:55  131 of 171 PASS inv_recency_anchor ............................................. [[32mPASS[0m in 0.12s]
[0m23:07:55  132 of 171 START test not_null_dim_customers_customer_unique_id ................ [RUN]
[0m23:07:55  132 of 171 PASS not_null_dim_customers_customer_unique_id ...................... [[32mPASS[0m in 0.01s]
[0m23:07:55  133 of 171 START test not_null_dim_customers_days_since_last_order ............. [RUN]
[0m23:07:55  133 of 171 PASS not_null_dim_customers_days_since_last_order ................... [[32mPASS[0m in 0.02s]
[0m23:07:55  134 of 171 START test not_null_dim_customers_order_count ....................... [RUN]
[0m23:07:55  134 of 171 PASS not_null_dim_customers_order_count ............................. [[32mPASS[0m in 0.01s]
[0m23:07:55  135 of 171 START test unique_dim_customers_customer_unique_id .................. [RUN]
[0m23:07:55  135 of 171 PASS unique_dim_customers_customer_unique_id ........................ [[32mPASS[0m in 0.02s]
[0m23:07:55  136 of 171 START test equal_rowcount_fct_order_items_ref_stg_olist__order_items_  [RUN]
[0m23:07:55  136 of 171 PASS equal_rowcount_fct_order_items_ref_stg_olist__order_items_ ..... [[32mPASS[0m in 0.02s]
[0m23:07:55  137 of 171 START test not_null_fct_order_items_order_id ........................ [RUN]
[0m23:07:55  137 of 171 PASS not_null_fct_order_items_order_id .............................. [[32mPASS[0m in 0.01s]
[0m23:07:55  138 of 171 START test not_null_fct_order_items_product_category ................ [RUN]
[0m23:07:55  138 of 171 PASS not_null_fct_order_items_product_category ...................... [[32mPASS[0m in 0.01s]
[0m23:07:55  139 of 171 START test unique_combination_of_columns_fct_order_items_order_id__order_item_seq  [RUN]
[0m23:07:55  139 of 171 PASS unique_combination_of_columns_fct_order_items_order_id__order_item_seq  [[32mPASS[0m in 0.02s]
[0m23:07:55  140 of 171 START test equal_rowcount_fct_orders_ref_stg_olist__orders_ ......... [RUN]
[0m23:07:55  140 of 171 PASS equal_rowcount_fct_orders_ref_stg_olist__orders_ ............... [[32mPASS[0m in 0.01s]
[0m23:07:55  141 of 171 START test inv_facts_agree_on_money ................................. [RUN]
[0m23:07:55  141 of 171 PASS inv_facts_agree_on_money ....................................... [[32mPASS[0m in 0.02s]
[0m23:07:55  142 of 171 START test not_null_fct_orders_customer_unique_id ................... [RUN]
[0m23:07:55  142 of 171 PASS not_null_fct_orders_customer_unique_id ......................... [[32mPASS[0m in 0.01s]
[0m23:07:55  143 of 171 START test not_null_fct_orders_order_id ............................. [RUN]
[0m23:07:55  143 of 171 PASS not_null_fct_orders_order_id ................................... [[32mPASS[0m in 0.01s]
[0m23:07:55  144 of 171 START test relationships_fct_order_items_order_id__order_id__ref_fct_orders_  [RUN]
[0m23:07:55  144 of 171 PASS relationships_fct_order_items_order_id__order_id__ref_fct_orders_  [[32mPASS[0m in 0.02s]
[0m23:07:55  145 of 171 START test relationships_fct_orders_customer_unique_id__customer_unique_id__ref_dim_customers_  [RUN]
[0m23:07:55  145 of 171 PASS relationships_fct_orders_customer_unique_id__customer_unique_id__ref_dim_customers_  [[32mPASS[0m in 0.02s]
[0m23:07:55  146 of 171 START test unique_fct_orders_order_id ............................... [RUN]
[0m23:07:55  146 of 171 PASS unique_fct_orders_order_id ..................................... [[32mPASS[0m in 0.01s]
[0m23:07:55  147 of 171 START sql table model main_marts.mart_category_performance .......... [RUN]
[0m23:07:55  147 of 171 OK created sql table model main_marts.mart_category_performance ..... [[32mOK[0m in 0.05s]
[0m23:07:55  148 of 171 START sql table model main_marts.mart_customer_segments ............. [RUN]
[0m23:07:55  148 of 171 OK created sql table model main_marts.mart_customer_segments ........ [[32mOK[0m in 0.08s]
[0m23:07:55  149 of 171 START sql table model main_marts.mart_monthly_performance ........... [RUN]
[0m23:07:55  149 of 171 OK created sql table model main_marts.mart_monthly_performance ...... [[32mOK[0m in 0.05s]
[0m23:07:55  150 of 171 START sql table model main_marts.mart_payment_performance ........... [RUN]
[0m23:07:55  150 of 171 OK created sql table model main_marts.mart_payment_performance ...... [[32mOK[0m in 0.04s]
[0m23:07:55  151 of 171 START sql table model main_marts.mart_state_performance ............. [RUN]
[0m23:07:55  151 of 171 OK created sql table model main_marts.mart_state_performance ........ [[32mOK[0m in 0.05s]
[0m23:07:55  152 of 171 START test not_null_mart_category_performance_product_category ...... [RUN]
[0m23:07:55  152 of 171 PASS not_null_mart_category_performance_product_category ............ [[32mPASS[0m in 0.02s]
[0m23:07:55  153 of 171 START test unique_combination_of_columns_mart_category_performance_purchase_month__product_category  [RUN]
[0m23:07:55  153 of 171 PASS unique_combination_of_columns_mart_category_performance_purchase_month__product_category  [[32mPASS[0m in 0.02s]
[0m23:07:55  154 of 171 START test accepted_values_mart_customer_segments_m_score__False__1__2__3__4__5  [RUN]
[0m23:07:55  154 of 171 PASS accepted_values_mart_customer_segments_m_score__False__1__2__3__4__5  [[32mPASS[0m in 0.01s]
[0m23:07:55  155 of 171 START test accepted_values_mart_customer_segments_r_score__False__1__2__3__4__5  [RUN]
[0m23:07:55  155 of 171 PASS accepted_values_mart_customer_segments_r_score__False__1__2__3__4__5  [[32mPASS[0m in 0.01s]
[0m23:07:55  156 of 171 START test accepted_values_mart_customer_segments_rm_segment__Recent_high_value__Recent_low_value__Lapsed_high_value__Lapsed_low_value__Mid  [RUN]
[0m23:07:55  156 of 171 PASS accepted_values_mart_customer_segments_rm_segment__Recent_high_value__Recent_low_value__Lapsed_high_value__Lapsed_low_value__Mid  [[32mPASS[0m in 0.02s]
[0m23:07:55  157 of 171 START test equal_rowcount_mart_customer_segments_ref_dim_customers_ . [RUN]
[0m23:07:55  157 of 171 PASS equal_rowcount_mart_customer_segments_ref_dim_customers_ ....... [[32mPASS[0m in 0.02s]
[0m23:07:55  158 of 171 START test inv_ntile_buckets_even ................................... [RUN]
[0m23:07:55  158 of 171 PASS inv_ntile_buckets_even ......................................... [[32mPASS[0m in 0.01s]
[0m23:07:55  159 of 171 START test not_null_mart_customer_segments_customer_unique_id ....... [RUN]
[0m23:07:55  159 of 171 PASS not_null_mart_customer_segments_customer_unique_id ............. [[32mPASS[0m in 0.01s]
[0m23:07:55  160 of 171 START test not_null_mart_customer_segments_m_score .................. [RUN]
[0m23:07:55  160 of 171 PASS not_null_mart_customer_segments_m_score ........................ [[32mPASS[0m in 0.01s]
[0m23:07:55  161 of 171 START test not_null_mart_customer_segments_r_score .................. [RUN]
[0m23:07:55  161 of 171 PASS not_null_mart_customer_segments_r_score ........................ [[32mPASS[0m in 0.01s]
[0m23:07:55  162 of 171 START test not_null_mart_customer_segments_rm_segment ............... [RUN]
[0m23:07:55  162 of 171 PASS not_null_mart_customer_segments_rm_segment ..................... [[32mPASS[0m in 0.02s]
[0m23:07:55  163 of 171 START test unique_mart_customer_segments_customer_unique_id ......... [RUN]
[0m23:07:55  163 of 171 PASS unique_mart_customer_segments_customer_unique_id ............... [[32mPASS[0m in 0.02s]
[0m23:07:55  164 of 171 START test not_null_mart_monthly_performance_gmv_brl ................ [RUN]
[0m23:07:55  164 of 171 PASS not_null_mart_monthly_performance_gmv_brl ...................... [[32mPASS[0m in 0.02s]
[0m23:07:55  165 of 171 START test not_null_mart_monthly_performance_orders ................. [RUN]
[0m23:07:56  165 of 171 PASS not_null_mart_monthly_performance_orders ....................... [[32mPASS[0m in 0.02s]
[0m23:07:56  166 of 171 START test not_null_mart_monthly_performance_purchase_month ......... [RUN]
[0m23:07:56  166 of 171 PASS not_null_mart_monthly_performance_purchase_month ............... [[32mPASS[0m in 0.02s]
[0m23:07:56  167 of 171 START test unique_mart_monthly_performance_purchase_month ........... [RUN]
[0m23:07:56  167 of 171 PASS unique_mart_monthly_performance_purchase_month ................. [[32mPASS[0m in 0.02s]
[0m23:07:56  168 of 171 START test unique_combination_of_columns_mart_payment_performance_purchase_month__primary_payment_type  [RUN]
[0m23:07:56  168 of 171 PASS unique_combination_of_columns_mart_payment_performance_purchase_month__primary_payment_type  [[32mPASS[0m in 0.02s]
[0m23:07:56  169 of 171 START test inv_additive_components .................................. [RUN]
[0m23:07:56  169 of 171 PASS inv_additive_components ........................................ [[32mPASS[0m in 0.03s]
[0m23:07:56  170 of 171 START test inv_metric_layer_reconciles .............................. [RUN]
[0m23:07:56  170 of 171 PASS inv_metric_layer_reconciles .................................... [[32mPASS[0m in 0.03s]
[0m23:07:56  171 of 171 START test unique_combination_of_columns_mart_state_performance_purchase_month__customer_state  [RUN]
[0m23:07:56  171 of 171 PASS unique_combination_of_columns_mart_state_performance_purchase_month__customer_state  [[32mPASS[0m in 0.02s]
[0m23:07:56  
[0m23:07:56  Finished running 28 table models, 143 data tests in 0 hours 0 minutes and 5.18 seconds (5.18s).
[0m23:07:56  
[0m23:07:56  [32mCompleted successfully[0m
[0m23:07:56  
[0m23:07:56  Done. PASS=171 WARN=0 ERROR=0 SKIP=0 NO-OP=0 TOTAL=171
